// Jest Snapshot v1, https://goo.gl/fbAQLP

exports[`<ValidationError /> renders correctly with minimum attributes 1`] = `
<label
  aria-atomic="true"
  className="hw-validation-label error_label"
  htmlFor={undefined}
  role="alert"
>
  <span
    className="hw-validation-box  validation_box"
  >
    <span
      className="hw-validation-glyph  validation_glyph"
    >
      <svg
        focusable="false"
        height="16"
        role="presentation"
        width="16"
        xmlns="http://www.w3.org/2000/svg"
      >
        <g>
          <path
            className="x_glyph"
            d="m15.34324,12.81328l-4.8294,-4.82941l4.82853,-4.82941l-2.48229,-2.48405l-4.8294,4.82941l-4.8294,-4.82941l-2.48229,2.48405l4.82853,4.82941l-4.8294,4.82941l2.48405,2.48317l4.82853,-4.82941l4.82853,4.82941"
            fill="#950803"
            id="svg_1"
            stroke="#000"
            strokeWidth="0"
          />
        </g>
      </svg>
    </span>
    <span
      className="hw-validation-text  validation_text"
    >
      Please answer this question before proceeding
    </span>
  </span>
</label>
`;
