// Jest Snapshot v1, https://goo.gl/fbAQLP

exports[`<LikertScale /> renders correctly with minimal attributes 1`] = `
<div
  className="hw-likert-scale likert_scale"
  data-hw-likert-max={10}
  data-hw-likert-min={0}
  id="q1"
>
  <div
    className="hw-likert-labels likert_labels"
  >
    <span
      aria-hidden="true"
      className="hw-likert-label hw-likert-label-left likert_label likert_label_left"
    >
      <span
        className="likert_label_left_span"
      >
        Not at all important
      </span>
    </span>
    <span
      aria-hidden="true"
      className="hw-likert-label hw-likert-label-right likert_label likert_label_right"
    >
      <span
        className="likert_label_right_span"
      >
        Extremely important
      </span>
    </span>
  </div>
  <div
    className="hw-likert-scale-wrapper likert_scale_wrapper"
    id="q1_scale_wrapper"
  >
    <div
      aria-hidden={false}
      className="hw-likert-axis likert_axis"
    >
      <div
        className="likert_axis_label"
        id="q1_key_0_label"
        style={
          Object {
            "width": "9.090909090909092%",
          }
        }
      >
        <label
          htmlFor="q1_key_0"
        >
          <span
            className="likert_axis_label_num"
            style={
              Object {
                "color": "rgb(54, 57, 66)",
              }
            }
          >
            0
          </span>
          <span
            className="hw-radio-wrapper radio_wrapper"
          >
            <input
              className="hw-radio radio"
              data-hw-value={0}
              data-hw-width={0}
              defaultChecked={false}
              disabled={false}
              id="q1_key_0"
              name="q1_0u"
              onChange={[Function]}
              onClick={undefined}
              required={false}
              style={null}
              type="radio"
              value="hw-likert-button_val_0"
            />
            <svg
              className="hw-radio-image radio_image"
              focusable="false"
              role="presentation"
              style={null}
              viewBox="0 0 28 28"
            >
              <circle
                className="hw-radio-outer-circle radio_outer_circle"
                cx="14"
                cy="14"
                r="9"
                style={null}
              />
              <circle
                className="hw-radio-unchecked radio_inner_circle radio_unchecked"
                cx="14"
                cy="14"
                r="5"
                style={null}
              />
              <circle
                className="hw-radio-checked radio_inner_circle radio_checked"
                cx="14"
                cy="14"
                r="5"
                style={null}
              />
            </svg>
          </span>
        </label>
      </div>
      <div
        className="likert_axis_label"
        id="q1_key_1_label"
        style={
          Object {
            "width": "9.090909090909092%",
          }
        }
      >
        <label
          htmlFor="q1_key_1"
        >
          <span
            className="likert_axis_label_num"
            style={
              Object {
                "color": "rgb(54, 57, 66)",
              }
            }
          >
            1
          </span>
          <span
            className="hw-radio-wrapper radio_wrapper"
          >
            <input
              className="hw-radio radio"
              data-hw-value={1}
              data-hw-width={1}
              defaultChecked={false}
              disabled={false}
              id="q1_key_1"
              name="q1_0u"
              onChange={[Function]}
              onClick={undefined}
              required={false}
              style={null}
              type="radio"
              value="hw-likert-button_val_1"
            />
            <svg
              className="hw-radio-image radio_image"
              focusable="false"
              role="presentation"
              style={null}
              viewBox="0 0 28 28"
            >
              <circle
                className="hw-radio-outer-circle radio_outer_circle"
                cx="14"
                cy="14"
                r="9"
                style={null}
              />
              <circle
                className="hw-radio-unchecked radio_inner_circle radio_unchecked"
                cx="14"
                cy="14"
                r="5"
                style={null}
              />
              <circle
                className="hw-radio-checked radio_inner_circle radio_checked"
                cx="14"
                cy="14"
                r="5"
                style={null}
              />
            </svg>
          </span>
        </label>
      </div>
      <div
        className="likert_axis_label"
        id="q1_key_2_label"
        style={
          Object {
            "width": "9.090909090909092%",
          }
        }
      >
        <label
          htmlFor="q1_key_2"
        >
          <span
            className="likert_axis_label_num"
            style={
              Object {
                "color": "rgb(54, 57, 66)",
              }
            }
          >
            2
          </span>
          <span
            className="hw-radio-wrapper radio_wrapper"
          >
            <input
              className="hw-radio radio"
              data-hw-value={2}
              data-hw-width={2}
              defaultChecked={false}
              disabled={false}
              id="q1_key_2"
              name="q1_0u"
              onChange={[Function]}
              onClick={undefined}
              required={false}
              style={null}
              type="radio"
              value="hw-likert-button_val_2"
            />
            <svg
              className="hw-radio-image radio_image"
              focusable="false"
              role="presentation"
              style={null}
              viewBox="0 0 28 28"
            >
              <circle
                className="hw-radio-outer-circle radio_outer_circle"
                cx="14"
                cy="14"
                r="9"
                style={null}
              />
              <circle
                className="hw-radio-unchecked radio_inner_circle radio_unchecked"
                cx="14"
                cy="14"
                r="5"
                style={null}
              />
              <circle
                className="hw-radio-checked radio_inner_circle radio_checked"
                cx="14"
                cy="14"
                r="5"
                style={null}
              />
            </svg>
          </span>
        </label>
      </div>
      <div
        className="likert_axis_label"
        id="q1_key_3_label"
        style={
          Object {
            "width": "9.090909090909092%",
          }
        }
      >
        <label
          htmlFor="q1_key_3"
        >
          <span
            className="likert_axis_label_num"
            style={
              Object {
                "color": "rgb(54, 57, 66)",
              }
            }
          >
            3
          </span>
          <span
            className="hw-radio-wrapper radio_wrapper"
          >
            <input
              className="hw-radio radio"
              data-hw-value={3}
              data-hw-width={3}
              defaultChecked={false}
              disabled={false}
              id="q1_key_3"
              name="q1_0u"
              onChange={[Function]}
              onClick={undefined}
              required={false}
              style={null}
              type="radio"
              value="hw-likert-button_val_3"
            />
            <svg
              className="hw-radio-image radio_image"
              focusable="false"
              role="presentation"
              style={null}
              viewBox="0 0 28 28"
            >
              <circle
                className="hw-radio-outer-circle radio_outer_circle"
                cx="14"
                cy="14"
                r="9"
                style={null}
              />
              <circle
                className="hw-radio-unchecked radio_inner_circle radio_unchecked"
                cx="14"
                cy="14"
                r="5"
                style={null}
              />
              <circle
                className="hw-radio-checked radio_inner_circle radio_checked"
                cx="14"
                cy="14"
                r="5"
                style={null}
              />
            </svg>
          </span>
        </label>
      </div>
      <div
        className="likert_axis_label"
        id="q1_key_4_label"
        style={
          Object {
            "width": "9.090909090909092%",
          }
        }
      >
        <label
          htmlFor="q1_key_4"
        >
          <span
            className="likert_axis_label_num"
            style={
              Object {
                "color": "rgb(54, 57, 66)",
              }
            }
          >
            4
          </span>
          <span
            className="hw-radio-wrapper radio_wrapper"
          >
            <input
              className="hw-radio radio"
              data-hw-value={4}
              data-hw-width={4}
              defaultChecked={false}
              disabled={false}
              id="q1_key_4"
              name="q1_0u"
              onChange={[Function]}
              onClick={undefined}
              required={false}
              style={null}
              type="radio"
              value="hw-likert-button_val_4"
            />
            <svg
              className="hw-radio-image radio_image"
              focusable="false"
              role="presentation"
              style={null}
              viewBox="0 0 28 28"
            >
              <circle
                className="hw-radio-outer-circle radio_outer_circle"
                cx="14"
                cy="14"
                r="9"
                style={null}
              />
              <circle
                className="hw-radio-unchecked radio_inner_circle radio_unchecked"
                cx="14"
                cy="14"
                r="5"
                style={null}
              />
              <circle
                className="hw-radio-checked radio_inner_circle radio_checked"
                cx="14"
                cy="14"
                r="5"
                style={null}
              />
            </svg>
          </span>
        </label>
      </div>
      <div
        className="likert_axis_label"
        id="q1_key_5_label"
        style={
          Object {
            "width": "9.090909090909092%",
          }
        }
      >
        <label
          htmlFor="q1_key_5"
        >
          <span
            className="likert_axis_label_num"
            style={
              Object {
                "color": "rgb(54, 57, 66)",
              }
            }
          >
            5
          </span>
          <span
            className="hw-radio-wrapper radio_wrapper"
          >
            <input
              className="hw-radio radio"
              data-hw-value={5}
              data-hw-width={5}
              defaultChecked={false}
              disabled={false}
              id="q1_key_5"
              name="q1_0u"
              onChange={[Function]}
              onClick={undefined}
              required={false}
              style={null}
              type="radio"
              value="hw-likert-button_val_5"
            />
            <svg
              className="hw-radio-image radio_image"
              focusable="false"
              role="presentation"
              style={null}
              viewBox="0 0 28 28"
            >
              <circle
                className="hw-radio-outer-circle radio_outer_circle"
                cx="14"
                cy="14"
                r="9"
                style={null}
              />
              <circle
                className="hw-radio-unchecked radio_inner_circle radio_unchecked"
                cx="14"
                cy="14"
                r="5"
                style={null}
              />
              <circle
                className="hw-radio-checked radio_inner_circle radio_checked"
                cx="14"
                cy="14"
                r="5"
                style={null}
              />
            </svg>
          </span>
        </label>
      </div>
      <div
        className="likert_axis_label"
        id="q1_key_6_label"
        style={
          Object {
            "width": "9.090909090909092%",
          }
        }
      >
        <label
          htmlFor="q1_key_6"
        >
          <span
            className="likert_axis_label_num"
            style={
              Object {
                "color": "rgb(54, 57, 66)",
              }
            }
          >
            6
          </span>
          <span
            className="hw-radio-wrapper radio_wrapper"
          >
            <input
              className="hw-radio radio"
              data-hw-value={6}
              data-hw-width={6}
              defaultChecked={false}
              disabled={false}
              id="q1_key_6"
              name="q1_0u"
              onChange={[Function]}
              onClick={undefined}
              required={false}
              style={null}
              type="radio"
              value="hw-likert-button_val_6"
            />
            <svg
              className="hw-radio-image radio_image"
              focusable="false"
              role="presentation"
              style={null}
              viewBox="0 0 28 28"
            >
              <circle
                className="hw-radio-outer-circle radio_outer_circle"
                cx="14"
                cy="14"
                r="9"
                style={null}
              />
              <circle
                className="hw-radio-unchecked radio_inner_circle radio_unchecked"
                cx="14"
                cy="14"
                r="5"
                style={null}
              />
              <circle
                className="hw-radio-checked radio_inner_circle radio_checked"
                cx="14"
                cy="14"
                r="5"
                style={null}
              />
            </svg>
          </span>
        </label>
      </div>
      <div
        className="likert_axis_label"
        id="q1_key_7_label"
        style={
          Object {
            "width": "9.090909090909092%",
          }
        }
      >
        <label
          htmlFor="q1_key_7"
        >
          <span
            className="likert_axis_label_num"
            style={
              Object {
                "color": "rgb(54, 57, 66)",
              }
            }
          >
            7
          </span>
          <span
            className="hw-radio-wrapper radio_wrapper"
          >
            <input
              className="hw-radio radio"
              data-hw-value={7}
              data-hw-width={7}
              defaultChecked={false}
              disabled={false}
              id="q1_key_7"
              name="q1_0u"
              onChange={[Function]}
              onClick={undefined}
              required={false}
              style={null}
              type="radio"
              value="hw-likert-button_val_7"
            />
            <svg
              className="hw-radio-image radio_image"
              focusable="false"
              role="presentation"
              style={null}
              viewBox="0 0 28 28"
            >
              <circle
                className="hw-radio-outer-circle radio_outer_circle"
                cx="14"
                cy="14"
                r="9"
                style={null}
              />
              <circle
                className="hw-radio-unchecked radio_inner_circle radio_unchecked"
                cx="14"
                cy="14"
                r="5"
                style={null}
              />
              <circle
                className="hw-radio-checked radio_inner_circle radio_checked"
                cx="14"
                cy="14"
                r="5"
                style={null}
              />
            </svg>
          </span>
        </label>
      </div>
      <div
        className="likert_axis_label"
        id="q1_key_8_label"
        style={
          Object {
            "width": "9.090909090909092%",
          }
        }
      >
        <label
          htmlFor="q1_key_8"
        >
          <span
            className="likert_axis_label_num"
            style={
              Object {
                "color": "rgb(54, 57, 66)",
              }
            }
          >
            8
          </span>
          <span
            className="hw-radio-wrapper radio_wrapper"
          >
            <input
              className="hw-radio radio"
              data-hw-value={8}
              data-hw-width={8}
              defaultChecked={false}
              disabled={false}
              id="q1_key_8"
              name="q1_0u"
              onChange={[Function]}
              onClick={undefined}
              required={false}
              style={null}
              type="radio"
              value="hw-likert-button_val_8"
            />
            <svg
              className="hw-radio-image radio_image"
              focusable="false"
              role="presentation"
              style={null}
              viewBox="0 0 28 28"
            >
              <circle
                className="hw-radio-outer-circle radio_outer_circle"
                cx="14"
                cy="14"
                r="9"
                style={null}
              />
              <circle
                className="hw-radio-unchecked radio_inner_circle radio_unchecked"
                cx="14"
                cy="14"
                r="5"
                style={null}
              />
              <circle
                className="hw-radio-checked radio_inner_circle radio_checked"
                cx="14"
                cy="14"
                r="5"
                style={null}
              />
            </svg>
          </span>
        </label>
      </div>
      <div
        className="likert_axis_label"
        id="q1_key_9_label"
        style={
          Object {
            "width": "9.090909090909092%",
          }
        }
      >
        <label
          htmlFor="q1_key_9"
        >
          <span
            className="likert_axis_label_num"
            style={
              Object {
                "color": "rgb(54, 57, 66)",
              }
            }
          >
            9
          </span>
          <span
            className="hw-radio-wrapper radio_wrapper"
          >
            <input
              className="hw-radio radio"
              data-hw-value={9}
              data-hw-width={9}
              defaultChecked={false}
              disabled={false}
              id="q1_key_9"
              name="q1_0u"
              onChange={[Function]}
              onClick={undefined}
              required={false}
              style={null}
              type="radio"
              value="hw-likert-button_val_9"
            />
            <svg
              className="hw-radio-image radio_image"
              focusable="false"
              role="presentation"
              style={null}
              viewBox="0 0 28 28"
            >
              <circle
                className="hw-radio-outer-circle radio_outer_circle"
                cx="14"
                cy="14"
                r="9"
                style={null}
              />
              <circle
                className="hw-radio-unchecked radio_inner_circle radio_unchecked"
                cx="14"
                cy="14"
                r="5"
                style={null}
              />
              <circle
                className="hw-radio-checked radio_inner_circle radio_checked"
                cx="14"
                cy="14"
                r="5"
                style={null}
              />
            </svg>
          </span>
        </label>
      </div>
      <div
        className="likert_axis_label"
        id="q1_key_10_label"
        style={
          Object {
            "width": "9.090909090909092%",
          }
        }
      >
        <label
          htmlFor="q1_key_10"
        >
          <span
            className="likert_axis_label_num"
            style={
              Object {
                "color": "rgb(54, 57, 66)",
              }
            }
          >
            10
          </span>
          <span
            className="hw-radio-wrapper radio_wrapper"
          >
            <input
              className="hw-radio radio"
              data-hw-value={10}
              data-hw-width={10}
              defaultChecked={false}
              disabled={false}
              id="q1_key_10"
              name="q1_0u"
              onChange={[Function]}
              onClick={undefined}
              required={false}
              style={null}
              type="radio"
              value="hw-likert-button_val_10"
            />
            <svg
              className="hw-radio-image radio_image"
              focusable="false"
              role="presentation"
              style={null}
              viewBox="0 0 28 28"
            >
              <circle
                className="hw-radio-outer-circle radio_outer_circle"
                cx="14"
                cy="14"
                r="9"
                style={null}
              />
              <circle
                className="hw-radio-unchecked radio_inner_circle radio_unchecked"
                cx="14"
                cy="14"
                r="5"
                style={null}
              />
              <circle
                className="hw-radio-checked radio_inner_circle radio_checked"
                cx="14"
                cy="14"
                r="5"
                style={null}
              />
            </svg>
          </span>
        </label>
      </div>
    </div>
  </div>
</div>
`;
